
===========================================================================
 report_power
============================================================================
======================= nom_typ_1p50V_25C Corner ===================================

Group                    Internal    Switching      Leakage        Total
                            Power        Power        Power        Power (Watts)
------------------------------------------------------------------------
Sequential           3.346671e-05 3.688817e-07 1.026170e-08 3.384585e-05  51.5%
Combinational        2.248598e-06 1.439020e-06 3.794561e-08 3.725564e-06   5.7%
Clock                1.777028e-05 7.412702e-06 3.024518e-06 2.820750e-05  42.9%
Macro                0.000000e+00 0.000000e+00 0.000000e+00 0.000000e+00   0.0%
Pad                  0.000000e+00 0.000000e+00 0.000000e+00 0.000000e+00   0.0%
------------------------------------------------------------------------
Total                5.348558e-05 9.220602e-06 3.072723e-06 6.577890e-05 100.0%
                            81.3%        14.0%         4.7%

