
===========================================================================
 report_power
============================================================================
======================= nom_typ_1p20V_25C Corner ===================================

Group                    Internal    Switching      Leakage        Total
                            Power        Power        Power        Power (Watts)
------------------------------------------------------------------------
Sequential           2.173132e-05 2.243870e-07 3.575867e-09 2.195928e-05  54.4%
Combinational        1.376603e-06 8.842049e-07 1.213929e-08 2.272947e-06   5.6%
Clock                1.097974e-05 4.473553e-06 7.169294e-07 1.617023e-05  40.0%
Macro                0.000000e+00 0.000000e+00 0.000000e+00 0.000000e+00   0.0%
Pad                  0.000000e+00 0.000000e+00 0.000000e+00 0.000000e+00   0.0%
------------------------------------------------------------------------
Total                3.408766e-05 5.582145e-06 7.326450e-07 4.040245e-05 100.0%
                            84.4%        13.8%         1.8%

