
===========================================================================
 report_power
============================================================================
======================= nom_slow_1p08V_125C Corner ===================================

Group                    Internal    Switching      Leakage        Total
                            Power        Power        Power        Power (Watts)
------------------------------------------------------------------------
Sequential           1.740508e-05 1.731120e-07 1.692637e-08 1.759512e-05  55.5%
Combinational        1.079933e-06 6.886625e-07 5.086152e-08 1.819457e-06   5.7%
Clock                8.637869e-06 3.453354e-06 1.883751e-07 1.227960e-05  38.7%
Macro                0.000000e+00 0.000000e+00 0.000000e+00 0.000000e+00   0.0%
Pad                  0.000000e+00 0.000000e+00 0.000000e+00 0.000000e+00   0.0%
------------------------------------------------------------------------
Total                2.712288e-05 4.315128e-06 2.561630e-07 3.169417e-05 100.0%
                            85.6%        13.6%         0.8%

