
===========================================================================
 report_power
============================================================================
======================= nom_fast_1p65V_m40C Corner ===================================

Group                    Internal    Switching      Leakage        Total
                            Power        Power        Power        Power (Watts)
------------------------------------------------------------------------
Sequential           3.902163e-05 4.730657e-07 3.117140e-08 3.952586e-05  45.2%
Combinational        2.889325e-06 1.830134e-06 1.213187e-07 4.840778e-06   5.5%
Clock                2.278876e-05 9.517893e-06 1.082937e-05 4.313602e-05  49.3%
Macro                0.000000e+00 0.000000e+00 0.000000e+00 0.000000e+00   0.0%
Pad                  0.000000e+00 0.000000e+00 0.000000e+00 0.000000e+00   0.0%
------------------------------------------------------------------------
Total                6.469971e-05 1.182109e-05 1.098185e-05 8.750266e-05 100.0%
                            73.9%        13.5%        12.6%

