
===========================================================================
 report_power
============================================================================
======================= nom_slow_1p35V_125C Corner ===================================

Group                    Internal    Switching      Leakage        Total
                            Power        Power        Power        Power (Watts)
------------------------------------------------------------------------
Sequential           2.716960e-05 2.846145e-07 2.690337e-08 2.748111e-05  54.1%
Combinational        1.756264e-06 1.119718e-06 7.908797e-08 2.955070e-06   5.8%
Clock                1.388381e-05 5.707892e-06 7.846704e-07 2.037637e-05  40.1%
Macro                0.000000e+00 0.000000e+00 0.000000e+00 0.000000e+00   0.0%
Pad                  0.000000e+00 0.000000e+00 0.000000e+00 0.000000e+00   0.0%
------------------------------------------------------------------------
Total                4.280967e-05 7.112224e-06 8.906616e-07 5.081256e-05 100.0%
                            84.3%        14.0%         1.8%

