109. Printing statistics.

=== counter_top ===

        +----------Local Count, excluding submodules.
        |        +-Local Area, excluding submodules.
        |        | 
       43        - wires
       50        - wire bits
        4        - public wires
       11        - public wire bits
        4        - ports
       11        - port bits
       47   787.45 cells
        2   18.144   sg13cmos5l_a21oi_1
        5    45.36   sg13cmos5l_and2_1
        1   14.515   sg13cmos5l_buf_4
        8   391.91   sg13cmos5l_dfrbpq_1
        2   10.886   sg13cmos5l_inv_1
        2   36.288   sg13cmos5l_mux2_1
        2   14.515   sg13cmos5l_nand2_1
        1   10.886   sg13cmos5l_nand2_2
        2   18.144   sg13cmos5l_nand3_1
        1   10.886   sg13cmos5l_nand4_1
        1    7.258   sg13cmos5l_nor2_1
        2   18.144   sg13cmos5l_nor2b_1
        1    9.072   sg13cmos5l_nor3_1
        1   21.773   sg13cmos5l_nor4_2
        2   18.144   sg13cmos5l_o21ai_1
        2   25.402   sg13cmos5l_or3_1
        8   58.061   sg13cmos5l_tiehi
        2    29.03   sg13cmos5l_xnor2_1
        2    29.03   sg13cmos5l_xor2_1

   Chip area for module '\counter_top': 787.449600
     of which used for sequential elements: 391.910400 (49.77%)

