+ analyze_power_grid -net VDD -voltage_file /foss/designs/ihp-sg13cmos5l-ams-chip-template/flow/librelane/runs/RUN_2026-08-25_09-19-18/55-openroad-irdropreport/net-VDD.csv
[INFO PSM-0040] All shapes on net VDD are connected.
########## IR report #################
Net              : VDD
Corner           : nom_typ_1p50V_25C
Total power      : 4.16e-03 W
Supply voltage   : 1.50e+00 V
Worstcase voltage: 1.50e+00 V
Average voltage  : 1.50e+00 V
Average IR drop  : 1.22e-03 V
Worstcase IR drop: 1.80e-03 V
Percentage drop  : 0.12 %
######################################
+ analyze_power_grid -net VSS -voltage_file /foss/designs/ihp-sg13cmos5l-ams-chip-template/flow/librelane/runs/RUN_2026-08-25_09-19-18/55-openroad-irdropreport/net-VSS.csv
[INFO PSM-0040] All shapes on net VSS are connected.
########## IR report #################
Net              : VSS
Corner           : nom_typ_1p50V_25C
Total power      : 4.16e-03 W
Supply voltage   : 0.00e+00 V
Worstcase voltage: 1.74e-03 V
Average voltage  : 1.17e-03 V
Average IR drop  : 1.17e-03 V
Worstcase IR drop: 1.74e-03 V
Percentage drop  : 0.12 %
######################################
