
===========================================================================
 report_power
============================================================================
======================= nom_typ_1p50V_25C Corner ===================================

Group                    Internal    Switching      Leakage        Total
                            Power        Power        Power        Power (Watts)
------------------------------------------------------------------------
Sequential           3.585128e-06 9.197423e-08 2.052339e-08 3.697626e-06   0.1%
Combinational        1.615592e-06 2.696103e-06 1.413031e-07 4.452997e-06   0.1%
Clock                2.732677e-06 1.973641e-06 1.432298e-04 1.479362e-04   3.4%
Macro                0.000000e+00 0.000000e+00 9.391882e-07 9.391882e-07   0.0%
Pad                  9.568443e-04 3.295620e-03 5.490797e-08 4.252519e-03  96.4%
------------------------------------------------------------------------
Total                9.647775e-04 3.300381e-03 1.443852e-04 4.409544e-03 100.0%
                            21.9%        74.8%         3.3%

