
===========================================================================
 report_power
============================================================================
======================= nom_slow_1p35V_125C Corner ===================================

Group                    Internal    Switching      Leakage        Total
                            Power        Power        Power        Power (Watts)
------------------------------------------------------------------------
Sequential           2.913047e-06 7.060675e-08 5.380673e-08 3.037460e-06   0.1%
Combinational        1.248486e-06 2.116115e-06 2.181749e-07 3.582775e-06   0.1%
Clock                2.116087e-06 1.555203e-06 3.652527e-05 4.019656e-05   1.1%
Macro                0.000000e+00 0.000000e+00 9.391882e-07 9.391882e-07   0.0%
Pad                  7.252095e-04 2.723187e-03 2.802224e-07 3.448677e-03  98.6%
------------------------------------------------------------------------
Total                7.314875e-04 2.726929e-03 3.801680e-05 3.496434e-03 100.0%
                            20.9%        78.0%         1.1%

