
===========================================================================
 report_power
============================================================================
======================= nom_typ_1p20V_25C Corner ===================================

Group                    Internal    Switching      Leakage        Total
                            Power        Power        Power        Power (Watts)
------------------------------------------------------------------------
Sequential           2.326687e-06 5.568354e-08 7.151735e-09 2.389523e-06   0.1%
Combinational        9.660471e-07 1.671190e-06 4.125134e-08 2.678488e-06   0.1%
Clock                1.663152e-06 1.223236e-06 3.391444e-05 3.680083e-05   0.9%
Macro                0.000000e+00 0.000000e+00 3.960310e-07 3.960310e-07   0.0%
Pad                  9.455957e-04 3.286575e-03 3.331323e-08 4.232205e-03  99.0%
------------------------------------------------------------------------
Total                9.505514e-04 3.289525e-03 3.439227e-05 4.274469e-03 100.0%
                            22.2%        77.0%         0.8%

