
===========================================================================
 report_power
============================================================================
======================= nom_fast_1p65V_m40C Corner ===================================

Group                    Internal    Switching      Leakage        Total
                            Power        Power        Power        Power (Watts)
------------------------------------------------------------------------
Sequential           4.183595e-06 1.179530e-07 6.234279e-08 4.363891e-06   0.1%
Combinational        2.122049e-06 3.404358e-06 4.944874e-07 6.020894e-06   0.1%
Clock                3.562177e-06 2.467973e-06 5.129042e-04 5.189343e-04   9.1%
Macro                0.000000e+00 0.000000e+00 9.391882e-07 9.391882e-07   0.0%
Pad                  1.253251e-03 3.922634e-03 1.410145e-07 5.176026e-03  90.7%
------------------------------------------------------------------------
Total                1.263119e-03 3.928625e-03 5.145372e-04 5.706281e-03 100.0%
                            22.1%        68.8%         9.0%

