
===========================================================================
 report_power
============================================================================
======================= nom_fast_1p32V_m40C Corner ===================================

Group                    Internal    Switching      Leakage        Total
                            Power        Power        Power        Power (Watts)
------------------------------------------------------------------------
Sequential           2.814846e-06 7.146551e-08 1.541484e-08 2.901726e-06   0.1%
Combinational        1.243057e-06 2.104578e-06 1.165879e-07 3.464223e-06   0.1%
Clock                2.114504e-06 1.527059e-06 1.259508e-04 1.295924e-04   2.4%
Macro                0.000000e+00 0.000000e+00 9.391882e-07 9.391882e-07   0.0%
Pad                  1.245828e-03 3.911723e-03 7.049098e-08 5.157621e-03  97.4%
------------------------------------------------------------------------
Total                1.252000e-03 3.915425e-03 1.270929e-04 5.294519e-03 100.0%
                            23.6%        74.0%         2.4%

