
===========================================================================
 report_power
============================================================================
======================= nom_slow_1p08V_125C Corner ===================================

Group                    Internal    Switching      Leakage        Total
                            Power        Power        Power        Power (Watts)
------------------------------------------------------------------------
Sequential           1.866085e-06 4.283254e-08 3.385275e-08 1.942771e-06   0.1%
Combinational        7.561524e-07 1.313036e-06 1.361315e-07 2.205320e-06   0.1%
Clock                1.305740e-06 9.657820e-07 8.489345e-06 1.076087e-05   0.3%
Macro                0.000000e+00 0.000000e+00 2.613176e-06 2.613176e-06   0.1%
Pad                  7.148375e-04 2.715931e-03 2.440340e-07 3.431012e-03  99.5%
------------------------------------------------------------------------
Total                7.187654e-04 2.718252e-03 1.151658e-05 3.448534e-03 100.0%
                            20.8%        78.8%         0.3%

